[backblue.gif]
[fade.gif]
[index.html]
[localhost/custom/index.php/feed/index.html]
[localhost/custom/index.php/comments/feed/index.html]
[localhost/custom/wp-content/themes/astra/assets/fonts/astra.woff]
[localhost/custom/wp-includes/js/jquery/jquery4a5f.js]
[localhost/custom/wp-includes/js/jquery/jquery-migrate.min330a.js]
[localhost/custom/wp-content/plugins/skt-skill-bar/skill_bar/bar/jquery.appear7661.js]
[localhost/custom/xmlrpc0db0.php]
[localhost/custom/wp-includes/wlwmanifest.xml]
[localhost/custom/index.php/wp-json/index.html]
[localhost/custom/index.php/wp-json/oembed/1.0/embedf3e2.json]
[localhost/custom/index.php/wp-json/oembed/1.0/embed3722]
[localhost/custom/wp-content/uploads/2020/05/p1-1024x768.jpg]
[localhost/custom/wp-content/uploads/2020/05/1.jpg]
[localhost/custom/wp-content/uploads/2020/05/6.jpg]
[localhost/custom/wp-content/uploads/2020/05/2-1.jpg]
[localhost/custom/wp-content/uploads/2020/05/3.jpg]
[localhost/custom/wp-content/uploads/2020/05/4.jpg]
[localhost/custom/wp-content/uploads/2020/05/5.jpg]
[localhost/custom/wp-content/uploads/2020/05/men1.jpg]
[localhost/custom/wp-content/uploads/2020/05/men2.jpg]
[localhost/custom/wp-content/uploads/2020/05/men3.jpg]
[localhost/custom/wp-content/uploads/2020/05/men4.jpg]
[localhost/custom/wp-content/uploads/2020/05/journal1-300x191.jpg]
[localhost/custom/wp-content/uploads/2020/05/journal2-300x191.jpg]
[localhost/custom/wp-content/uploads/2020/05/journal3-300x191.jpg]
[localhost/custom/wp-content/themes/astra/assets/js/minified/style.minb2da.js]
[localhost/custom/wp-content/plugins/content-views-query-and-display-post-page/public/assets/js/cv95b8.js]
[localhost/custom/wp-content/plugins/skt-skill-bar/skill_bar/circle/jquery.easy-pie-chartf24c.js]
[localhost/custom/wp-content/plugins/skt-skill-bar/skill_bar/circle/customf24c.js]
[localhost/custom/wp-content/plugins/skt-skill-bar/skill_bar/gage/justgagef24c.js]
[localhost/custom/wp-content/plugins/skt-skill-bar/skill_bar/gage/raphael-2.1.4.minf24c.js]
[localhost/custom/wp-includes/js/wp-embed.min7661.js]
[localhost/custom/wp-content/plugins/elementor-pro/assets/lib/smartmenus/jquery.smartmenus.minf269.js]
[localhost/custom/wp-content/plugins/elementor/assets/lib/jquery-numerator/jquery-numerator.min3958.js]
[localhost/custom/wp-includes/js/imagesloaded.min55a0.js]
[localhost/custom/wp-content/plugins/elementor-pro/assets/lib/sticky/jquery.sticky.min5bf8.js]
[localhost/custom/wp-content/plugins/elementor-pro/assets/js/frontend.min5bf8.js]
[localhost/custom/wp-content/plugins/elementor/assets/js/frontend-modules.min4315.js]
[localhost/custom/wp-includes/js/jquery/ui/position.mine899.js]
[localhost/custom/wp-content/plugins/elementor/assets/lib/dialog/dialog.minae9e.js]
[localhost/custom/wp-content/plugins/elementor/assets/lib/waypoints/waypoints.min05da.js]
[localhost/custom/wp-content/plugins/elementor/assets/lib/swiper/swiper.min48f5.js]
[localhost/custom/wp-content/plugins/elementor/assets/lib/share-link/share-link.min4315.js]
[localhost/custom/wp-content/plugins/elementor/assets/js/frontend.min4315.js]
[localhost/custom/index.html]
[localhost/custom/wp-content/plugins/content-views-query-and-display-post-page/public/assets/fonts/glyphicons-halflings-regular.eot]
[localhost/custom/wp-content/plugins/content-views-query-and-display-post-page/public/assets/fonts/glyphicons-halflings-regular.woff2]
[localhost/custom/wp-content/plugins/content-views-query-and-display-post-page/public/assets/fonts/glyphicons-halflings-regulard41d.eot]
[localhost/custom/wp-content/plugins/content-views-query-and-display-post-page/public/assets/fonts/glyphicons-halflings-regular.woff]
[localhost/custom/wp-content/plugins/content-views-query-and-display-post-page/public/assets/fonts/glyphicons-halflings-regular.ttf]
[localhost/custom/wp-content/plugins/content-views-query-and-display-post-page/public/assets/css/cv95b8.css]
[localhost/custom/wp-content/themes/astra/assets/css/minified/style.minb2da.css]
[localhost/custom/wp-content/themes/astra/assets/css/minified/menu-animation.minb2da.css]
[localhost/custom/wp-includes/css/dist/block-library/style.min7661.css]
[localhost/custom/wp-content/plugins/elementor/assets/lib/eicons/fonts/eicons2cbf.eot]
[localhost/custom/wp-content/plugins/elementor/assets/lib/eicons/fonts/eicons2cbf.woff2]
[localhost/custom/wp-content/plugins/elementor/assets/lib/eicons/fonts/eicons2cbf.woff]
[localhost/custom/wp-content/plugins/elementor/assets/lib/eicons/fonts/eicons2cbf.ttf]
[localhost/custom/wp-content/plugins/elementor/assets/lib/eicons/css/elementor-icons.min4c7e.css]
[localhost/custom/wp-content/plugins/elementor/assets/lib/animations/animations.min4315.css]
[localhost/custom/wp-content/plugins/elementor/assets/css/frontend.min4315.css]
[localhost/custom/wp-content/plugins/elementor-pro/assets/css/frontend.min5bf8.css]
[localhost/custom/wp-content/plugins/image-hover-effects-addon-for-elementor/assets/style1efe.css]
[localhost/custom/wp-content/uploads/elementor/css/globaleb51.css]
[localhost/custom/wp-content/uploads/2020/05/personal.jpg]
[localhost/custom/wp-content/uploads/2020/05/promo.jpg]
[localhost/custom/wp-content/uploads/2020/05/slide1.jpg]
[localhost/custom/wp-content/uploads/elementor/css/post-7718b.css]
[localhost/custom/wp-content/plugins/elementor/assets/lib/font-awesome/css/fontawesome.minb683.css]
[localhost/custom/wp-content/plugins/elementor/assets/lib/font-awesome/webfonts/fa-brands-400.eot]
[localhost/custom/wp-content/plugins/elementor/assets/lib/font-awesome/webfonts/fa-brands-400.woff2]
[localhost/custom/wp-content/plugins/elementor/assets/lib/font-awesome/webfonts/fa-brands-400d41d.eot]
[localhost/custom/wp-content/plugins/elementor/assets/lib/font-awesome/webfonts/fa-brands-400.woff]
[localhost/custom/wp-content/plugins/elementor/assets/lib/font-awesome/webfonts/fa-brands-400.ttf]
[localhost/custom/wp-content/plugins/elementor/assets/lib/font-awesome/css/brands.minb683.css]
[localhost/custom/wp-content/plugins/elementor/assets/lib/font-awesome/webfonts/fa-solid-900.eot]
[localhost/custom/wp-content/plugins/elementor/assets/lib/font-awesome/webfonts/fa-solid-900.woff2]
[localhost/custom/wp-content/plugins/elementor/assets/lib/font-awesome/webfonts/fa-solid-900d41d.eot]
[localhost/custom/wp-content/plugins/elementor/assets/lib/font-awesome/webfonts/fa-solid-900.woff]
[localhost/custom/wp-content/plugins/elementor/assets/lib/font-awesome/webfonts/fa-solid-900.ttf]
[localhost/custom/wp-content/plugins/elementor/assets/lib/font-awesome/css/solid.minb683.css]
[localhost/custom/wp-content/plugins/elementor/assets/lib/font-awesome/webfonts/fa-regular-400.eot]
[localhost/custom/wp-content/plugins/elementor/assets/lib/font-awesome/webfonts/fa-regular-400.woff2]
[localhost/custom/wp-content/plugins/elementor/assets/lib/font-awesome/webfonts/fa-regular-400.woff]
[localhost/custom/wp-content/plugins/elementor/assets/lib/font-awesome/webfonts/fa-regular-400d41d.eot]
[localhost/custom/wp-content/plugins/elementor/assets/lib/font-awesome/webfonts/fa-regular-400.ttf]
[localhost/custom/wp-content/plugins/elementor/assets/lib/font-awesome/css/regular.minb683.css]
[localhost/custom/wp-content/plugins/skt-skill-bar/skill_bar/bar/sbar7661.css]
[localhost/custom/wp-content/plugins/skt-skill-bar/skill_bar/circle/jquery.easy-pie-chart7661.css]
[localhost/custom/wp-content/plugins/content-views-query-and-display-post-page/public/assets/fonts/glyphicons-halflings-regular.svg]
[localhost/custom/wp-content/plugins/elementor/assets/lib/eicons/fonts/eicons2cbf.svg]
[localhost/custom/wp-content/plugins/elementor/assets/lib/font-awesome/webfonts/fa-brands-400.svg]
[localhost/custom/wp-content/plugins/elementor/assets/lib/font-awesome/webfonts/fa-solid-900.svg]
[localhost/custom/wp-content/plugins/elementor/assets/lib/font-awesome/webfonts/fa-regular-400.svg]
